Collecting sentence-transformers
  Using cached sentence_transformers-5.6.1-py3-none-any.whl.metadata (18 kB)
Requirement already satisfied: transformers<6.0.0,>=4.41.0 in d:\code labs thucchien\day07_2a202601283_caohuuphuc\.venv\lib\site-packages (from sentence-transformers) (5.14.1)
Requirement already satisfied: huggingface-hub>=0.23.0 in d:\code labs thucchien\day07_2a202601283_caohuuphuc\.venv\lib\site-packages (from sentence-transformers) (1.26.0)
Requirement already satisfied: torch>=1.11.0 in d:\code labs thucchien\day07_2a202601283_caohuuphuc\.venv\lib\site-packages (from sentence-transformers) (2.13.0)
Requirement already satisfied: numpy>=1.20.0 in d:\code labs thucchien\day07_2a202601283_caohuuphuc\.venv\lib\site-packages (from sentence-transformers) (2.4.6)
Requirement already satisfied: scikit-learn>=0.22.0 in d:\code labs thucchien\day07_2a202601283_caohuuphuc\.venv\lib\site-packages (from sentence-transformers) (1.9.0)
Requirement already satisfied: scipy>=1.0.0 in d:\code labs thucchien\day07_2a202601283_caohuuphuc\.venv\lib\site-packages (from sentence-transformers) (1.17.1)
Requirement already satisfied: typing_extensions>=4.5.0 in d:\code labs thucchien\day07_2a202601283_caohuuphuc\.venv\lib\site-packages (from sentence-transformers) (4.16.0)
Requirement already satisfied: tqdm>=4.0.0 in d:\code labs thucchien\day07_2a202601283_caohuuphuc\.venv\lib\site-packages (from sentence-transformers) (4.70.0)
Requirement already satisfied: click<9.0.0,>=8.4.2 in d:\code labs thucchien\day07_2a202601283_caohuuphuc\.venv\lib\site-packages (from huggingface-hub>=0.23.0->sentence-transformers) (8.4.2)
Requirement already satisfied: filelock>=3.10.0 in d:\code labs thucchien\day07_2a202601283_caohuuphuc\.venv\lib\site-packages (from huggingface-hub>=0.23.0->sentence-transformers) (3.32.2)
Requirement already satisfied: fsspec>=2023.5.0 in d:\code labs thucchien\day07_2a202601283_caohuuphuc\.venv\lib\site-packages (from huggingface-hub>=0.23.0->sentence-transformers) (2026.7.0)
Requirement already satisfied: hf-xet<2.0.0,>=1.5.1 in d:\code labs thucchien\day07_2a202601283_caohuuphuc\.venv\lib\site-packages (from huggingface-hub>=0.23.0->sentence-transformers) (1.5.2)
Requirement already satisfied: httpx<1,>=0.23.0 in d:\code labs thucchien\day07_2a202601283_caohuuphuc\.venv\lib\site-packages (from huggingface-hub>=0.23.0->sentence-transformers) (0.28.1)
Requirement already satisfied: packaging>=20.9 in d:\code labs thucchien\day07_2a202601283_caohuuphuc\.venv\lib\site-packages (from huggingface-hub>=0.23.0->sentence-transformers) (26.2)
Requirement already satisfied: pyyaml>=5.1 in d:\code labs thucchien\day07_2a202601283_caohuuphuc\.venv\lib\site-packages (from huggingface-hub>=0.23.0->sentence-transformers) (6.0.3)
Requirement already satisfied: joblib>=1.4.0 in d:\code labs thucchien\day07_2a202601283_caohuuphuc\.venv\lib\site-packages (from scikit-learn>=0.22.0->sentence-transformers) (1.5.3)
Requirement already satisfied: narwhals>=2.0.1 in d:\code labs thucchien\day07_2a202601283_caohuuphuc\.venv\lib\site-packages (from scikit-learn>=0.22.0->sentence-transformers) (2.24.0)
Requirement already satisfied: threadpoolctl>=3.5.0 in d:\code labs thucchien\day07_2a202601283_caohuuphuc\.venv\lib\site-packages (from scikit-learn>=0.22.0->sentence-transformers) (3.6.0)
Requirement already satisfied: setuptools>=77.0.3 in d:\code labs thucchien\day07_2a202601283_caohuuphuc\.venv\lib\site-packages (from torch>=1.11.0->sentence-transformers) (83.0.0)
Requirement already satisfied: sympy>=1.13.3 in d:\code labs thucchien\day07_2a202601283_caohuuphuc\.venv\lib\site-packages (from torch>=1.11.0->sentence-transformers) (1.14.0)
Requirement already satisfied: networkx>=2.5.1 in d:\code labs thucchien\day07_2a202601283_caohuuphuc\.venv\lib\site-packages (from torch>=1.11.0->sentence-transformers) (3.6.1)
Requirement already satisfied: jinja2 in d:\code labs thucchien\day07_2a202601283_caohuuphuc\.venv\lib\site-packages (from torch>=1.11.0->sentence-transformers) (3.1.6)
Requirement already satisfied: colorama in d:\code labs thucchien\day07_2a202601283_caohuuphuc\.venv\lib\site-packages (from tqdm>=4.0.0->sentence-transformers) (0.4.6)
Requirement already satisfied: regex>=2025.10.22 in d:\code labs thucchien\day07_2a202601283_caohuuphuc\.venv\lib\site-packages (from transformers<6.0.0,>=4.41.0->sentence-transformers) (2026.7.19)
Requirement already satisfied: tokenizers<=0.23.0,>=0.22.0 in d:\code labs thucchien\day07_2a202601283_caohuuphuc\.venv\lib\site-packages (from transformers<6.0.0,>=4.41.0->sentence-transformers) (0.22.2)
Requirement already satisfied: typer in d:\code labs thucchien\day07_2a202601283_caohuuphuc\.venv\lib\site-packages (from transformers<6.0.0,>=4.41.0->sentence-transformers) (0.27.0)
Requirement already satisfied: safetensors>=0.8.0 in d:\code labs thucchien\day07_2a202601283_caohuuphuc\.venv\lib\site-packages (from transformers<6.0.0,>=4.41.0->sentence-transformers) (0.8.0)
Requirement already satisfied: anyio in d:\code labs thucchien\day07_2a202601283_caohuuphuc\.venv\lib\site-packages (from httpx<1,>=0.23.0->huggingface-hub>=0.23.0->sentence-transformers) (4.14.2)
Requirement already satisfied: certifi in d:\code labs thucchien\day07_2a202601283_caohuuphuc\.venv\lib\site-packages (from httpx<1,>=0.23.0->huggingface-hub>=0.23.0->sentence-transformers) (2026.7.22)
Requirement already satisfied: httpcore==1.* in d:\code labs thucchien\day07_2a202601283_caohuuphuc\.venv\lib\site-packages (from httpx<1,>=0.23.0->huggingface-hub>=0.23.0->sentence-transformers) (1.0.9)
Requirement already satisfied: idna in d:\code labs thucchien\day07_2a202601283_caohuuphuc\.venv\lib\site-packages (from httpx<1,>=0.23.0->huggingface-hub>=0.23.0->sentence-transformers) (3.18)
Requirement already satisfied: h11>=0.16 in d:\code labs thucchien\day07_2a202601283_caohuuphuc\.venv\lib\site-packages (from httpcore==1.*->httpx<1,>=0.23.0->huggingface-hub>=0.23.0->sentence-transformers) (0.16.0)
Requirement already satisfied: mpmath<1.4,>=1.1.0 in d:\code labs thucchien\day07_2a202601283_caohuuphuc\.venv\lib\site-packages (from sympy>=1.13.3->torch>=1.11.0->sentence-transformers) (1.3.0)
Requirement already satisfied: MarkupSafe>=2.0 in d:\code labs thucchien\day07_2a202601283_caohuuphuc\.venv\lib\site-packages (from jinja2->torch>=1.11.0->sentence-transformers) (3.0.3)
Requirement already satisfied: shellingham>=1.3.0 in d:\code labs thucchien\day07_2a202601283_caohuuphuc\.venv\lib\site-packages (from typer->transformers<6.0.0,>=4.41.0->sentence-transformers) (1.5.4)
Requirement already satisfied: rich>=13.8.0 in d:\code labs thucchien\day07_2a202601283_caohuuphuc\.venv\lib\site-packages (from typer->transformers<6.0.0,>=4.41.0->sentence-transformers) (15.0.0)
Requirement already satisfied: annotated-doc>=0.0.2 in d:\code labs thucchien\day07_2a202601283_caohuuphuc\.venv\lib\site-packages (from typer->transformers<6.0.0,>=4.41.0->sentence-transformers) (0.0.5)
Requirement already satisfied: markdown-it-py>=2.2.0 in d:\code labs thucchien\day07_2a202601283_caohuuphuc\.venv\lib\site-packages (from rich>=13.8.0->typer->transformers<6.0.0,>=4.41.0->sentence-transformers) (4.2.0)
Requirement already satisfied: pygments<3.0.0,>=2.13.0 in d:\code labs thucchien\day07_2a202601283_caohuuphuc\.venv\lib\site-packages (from rich>=13.8.0->typer->transformers<6.0.0,>=4.41.0->sentence-transformers) (2.20.0)
Requirement already satisfied: mdurl~=0.1 in d:\code labs thucchien\day07_2a202601283_caohuuphuc\.venv\lib\site-packages (from markdown-it-py>=2.2.0->rich>=13.8.0->typer->transformers<6.0.0,>=4.41.0->sentence-transformers) (0.1.2)
Using cached sentence_transformers-5.6.1-py3-none-any.whl (596 kB)
Installing collected packages: sentence-transformers
Successfully installed sentence-transformers-5.6.1
